<testsuites id="" name="" tests="0" failures="0" skipped="0" errors="0" time="107.12660100000001">
</testsuites>